../drivers/Src/stm32f411xx_usart_driver.c:11:6:USART_PeriClockControl	16	static
../drivers/Src/stm32f411xx_usart_driver.c:33:6:USART_DeInit	16	static
../drivers/Src/stm32f411xx_usart_driver.c:45:6:USART_IRQInterruptConfig	16	static
../drivers/Src/stm32f411xx_usart_driver.c:100:6:USART_IRQPriorityConfig	24	static
../drivers/Src/stm32f411xx_usart_driver.c:112:6:USART_PeripheralControl	16	static
../drivers/Src/stm32f411xx_usart_driver.c:121:9:USART_GetFlagStatus	16	static
../drivers/Src/stm32f411xx_usart_driver.c:128:6:USART_ClearFlag	16	static
../drivers/Src/stm32f411xx_usart_driver.c:146:6:USART_Init	24	static
../drivers/Src/stm32f411xx_usart_driver.c:257:6:USART_SendData	32	static
../drivers/Src/stm32f411xx_usart_driver.c:319:6:USART_ReceiveData	32	static
../drivers/Src/stm32f411xx_usart_driver.c:396:9:USART_SendDataIT	32	static
../drivers/Src/stm32f411xx_usart_driver.c:436:9:USART_ReceiveDataIT	32	static
../drivers/Src/stm32f411xx_usart_driver.c:469:6:USART_SetBaudRate	40	static
